E:/github/reactos/boot/empty
loader/efisys.bin=E:/github/reactos/boot/efisys.bin
loader/dosmbr.bin=E:/github/reactos/boot/freeldr/bootsect/dosmbr.bin
loader/ext2.bin=E:/github/reactos/boot/freeldr/bootsect/ext2.bin
loader/btrfs.bin=E:/github/reactos/boot/freeldr/bootsect/btrfs.bin
loader/fat.bin=E:/github/reactos/boot/freeldr/bootsect/fat.bin
loader/fat32.bin=E:/github/reactos/boot/freeldr/bootsect/fat32.bin
loader/isoboot.bin=E:/github/reactos/boot/freeldr/bootsect/isoboot.bin
loader/isobtrt.bin=E:/github/reactos/boot/freeldr/bootsect/isobtrt.bin
loader/freeldr.sys=E:/github/reactos/boot/freeldr/freeldr/freeldr.sys
loader/setupldr.sys=E:/github/reactos/boot/freeldr/freeldr/setupldr.sys
reactos/reactos.inf=E:/github/reactos/boot/bootdata/packages/reactos.inf
reactos/txtsetup.sif=E:/github/reactos/boot/bootdata/txtsetup.sif
reactos/caroots.inf=E:/github/reactos/boot/bootdata/caroots.inf
/icon.ico=E:/github/reactos/boot/bootdata/icon.ico
/readme.txt=E:/github/reactos/boot/bootdata/readme.txt
/freeldr.ini=E:/github/reactos/boot/bootdata/bootcd.ini
reactos/unattend.inf=E:/github/reactos/boot/bootdata/bootcdregtest/unattend.inf
reactos/system32/boot/$<TARGET_FILE_NAME:rosload>=$<TARGET_FILE:rosload>
reactos/system32/smss.exe=$<TARGET_FILE:usetup>
reactos/system32/$<TARGET_FILE_NAME:ntdll>=$<TARGET_FILE:ntdll>
reactos/system32/$<TARGET_FILE_NAME:bootvid>=$<TARGET_FILE:bootvid>
reactos/system32/drivers/$<TARGET_FILE_NAME:condrv>=$<TARGET_FILE:condrv>
reactos/system32/$<TARGET_FILE_NAME:kdcom>=$<TARGET_FILE:kdcom>
reactos/system32/drivers/$<TARGET_FILE_NAME:nmidebug>=$<TARGET_FILE:nmidebug>
reactos/system32/drivers/$<TARGET_FILE_NAME:acpi>=$<TARGET_FILE:acpi>
reactos/system32/drivers/$<TARGET_FILE_NAME:isapnp>=$<TARGET_FILE:isapnp>
reactos/system32/drivers/$<TARGET_FILE_NAME:pci>=$<TARGET_FILE:pci>
reactos/system32/drivers/$<TARGET_FILE_NAME:pcix>=$<TARGET_FILE:pcix>
reactos/system32/drivers/$<TARGET_FILE_NAME:pcmcia>=$<TARGET_FILE:pcmcia>
reactos/system32/drivers/$<TARGET_FILE_NAME:ksecdd>=$<TARGET_FILE:ksecdd>
reactos/system32/drivers/$<TARGET_FILE_NAME:btrfs>=$<TARGET_FILE:btrfs>
reactos/system32/drivers/$<TARGET_FILE_NAME:cdfs>=$<TARGET_FILE:cdfs>
reactos/system32/drivers/$<TARGET_FILE_NAME:fastfat>=$<TARGET_FILE:fastfat>
reactos/system32/drivers/$<TARGET_FILE_NAME:fltmgr>=$<TARGET_FILE:fltmgr>
reactos/system32/drivers/$<TARGET_FILE_NAME:mountmgr>=$<TARGET_FILE:mountmgr>
reactos/system32/drivers/$<TARGET_FILE_NAME:hidclass>=$<TARGET_FILE:hidclass>
reactos/system32/drivers/$<TARGET_FILE_NAME:hidparse>=$<TARGET_FILE:hidparse>
reactos/system32/drivers/$<TARGET_FILE_NAME:hidusb>=$<TARGET_FILE:hidusb>
reactos/system32/drivers/$<TARGET_FILE_NAME:kbdhid>=$<TARGET_FILE:kbdhid>
reactos/system32/drivers/$<TARGET_FILE_NAME:i8042prt>=$<TARGET_FILE:i8042prt>
reactos/system32/drivers/$<TARGET_FILE_NAME:kbdclass>=$<TARGET_FILE:kbdclass>
reactos/system32/drivers/$<TARGET_FILE_NAME:swenum>=$<TARGET_FILE:swenum>
reactos/system32/drivers/$<TARGET_FILE_NAME:sacdrv>=$<TARGET_FILE:sacdrv>
reactos/system32/drivers/$<TARGET_FILE_NAME:blue>=$<TARGET_FILE:blue>
reactos/system32/drivers/$<TARGET_FILE_NAME:cdrom>=$<TARGET_FILE:cdrom>
reactos/system32/drivers/$<TARGET_FILE_NAME:class2>=$<TARGET_FILE:class2>
reactos/system32/drivers/$<TARGET_FILE_NAME:classpnp>=$<TARGET_FILE:classpnp>
reactos/system32/drivers/$<TARGET_FILE_NAME:disk>=$<TARGET_FILE:disk>
reactos/system32/drivers/$<TARGET_FILE_NAME:disk_new>=$<TARGET_FILE:disk_new>
reactos/system32/drivers/$<TARGET_FILE_NAME:ramdisk>=$<TARGET_FILE:ramdisk>
reactos/system32/drivers/$<TARGET_FILE_NAME:floppy>=$<TARGET_FILE:floppy>
reactos/system32/drivers/$<TARGET_FILE_NAME:atapi>=$<TARGET_FILE:atapi>
reactos/system32/drivers/$<TARGET_FILE_NAME:pciide>=$<TARGET_FILE:pciide>
reactos/system32/drivers/$<TARGET_FILE_NAME:pciidex>=$<TARGET_FILE:pciidex>
reactos/system32/drivers/$<TARGET_FILE_NAME:uniata>=$<TARGET_FILE:uniata>
reactos/system32/drivers/$<TARGET_FILE_NAME:buslogic>=$<TARGET_FILE:buslogic>
reactos/system32/drivers/$<TARGET_FILE_NAME:scsiport>=$<TARGET_FILE:scsiport>
reactos/system32/drivers/$<TARGET_FILE_NAME:storahci>=$<TARGET_FILE:storahci>
reactos/system32/drivers/$<TARGET_FILE_NAME:storport>=$<TARGET_FILE:storport>
reactos/system32/drivers/$<TARGET_FILE_NAME:usbccgp>=$<TARGET_FILE:usbccgp>
reactos/system32/drivers/$<TARGET_FILE_NAME:usbd>=$<TARGET_FILE:usbd>
reactos/system32/drivers/$<TARGET_FILE_NAME:usbehci>=$<TARGET_FILE:usbehci>
reactos/system32/drivers/$<TARGET_FILE_NAME:usbhub>=$<TARGET_FILE:usbhub>
reactos/system32/drivers/$<TARGET_FILE_NAME:usbohci>=$<TARGET_FILE:usbohci>
reactos/system32/drivers/$<TARGET_FILE_NAME:usbport>=$<TARGET_FILE:usbport>
reactos/system32/drivers/$<TARGET_FILE_NAME:usbstor>=$<TARGET_FILE:usbstor>
reactos/system32/drivers/$<TARGET_FILE_NAME:usbuhci>=$<TARGET_FILE:usbuhci>
reactos/system32/drivers/$<TARGET_FILE_NAME:wmilib>=$<TARGET_FILE:wmilib>
reactos/system32/$<TARGET_FILE_NAME:hal>=$<TARGET_FILE:hal>
reactos/system32/$<TARGET_FILE_NAME:halacpi>=$<TARGET_FILE:halacpi>
reactos/system32/$<TARGET_FILE_NAME:halapic>=$<TARGET_FILE:halapic>
reactos/system32/$<TARGET_FILE_NAME:halaacpi>=$<TARGET_FILE:halaacpi>
reactos/system32/$<TARGET_FILE_NAME:halxbox>=$<TARGET_FILE:halxbox>
reactos/system32/l_intl.nls=E:/github/reactos/media/nls/l_intl.nls
reactos/system32/c_437.nls=E:/github/reactos/media/nls/c_437.nls
reactos/system32/c_1252.nls=E:/github/reactos/media/nls/c_1252.nls
reactos/vgafonts.cab=E:/github/reactos/media/vgafonts/vgafonts.cab
reactos/system32/$<TARGET_FILE_NAME:ntoskrnl>=$<TARGET_FILE:ntoskrnl>
reactos/system32/$<TARGET_FILE_NAME:ntkrnlmp>=$<TARGET_FILE:ntkrnlmp>
reactos/registry.inf=E:/github/reactos/boot/bootdata/registry.inf
reactos/SETUPREG.HIV=E:/github/reactos/boot/bootdata/SETUPREG.HIV
efi/boot/BCD=E:/github/reactos/boot/bootdata/BCD
reactos/reactos.cab=E:/github/reactos/reactos.cab