E:/github/reactos/boot/empty
loader/efisys.bin=E:/github/reactos/boot/efisys.bin
loader/dosmbr.bin=E:/github/reactos/boot/freeldr/bootsect/dosmbr.bin
loader/ext2.bin=E:/github/reactos/boot/freeldr/bootsect/ext2.bin
loader/btrfs.bin=E:/github/reactos/boot/freeldr/bootsect/btrfs.bin
loader/fat.bin=E:/github/reactos/boot/freeldr/bootsect/fat.bin
loader/fat32.bin=E:/github/reactos/boot/freeldr/bootsect/fat32.bin
loader/isoboot.bin=E:/github/reactos/boot/freeldr/bootsect/isoboot.bin
loader/isobtrt.bin=E:/github/reactos/boot/freeldr/bootsect/isobtrt.bin
loader/freeldr.sys=E:/github/reactos/boot/freeldr/freeldr/freeldr.sys
loader/setupldr.sys=E:/github/reactos/boot/freeldr/freeldr/setupldr.sys
reactos/reactos.inf=E:/github/reactos/boot/bootdata/packages/reactos.inf
reactos/txtsetup.sif=E:/github/reactos/boot/bootdata/txtsetup.sif
reactos/caroots.inf=E:/github/reactos/boot/bootdata/caroots.inf
/icon.ico=E:/github/reactos/boot/bootdata/icon.ico
/readme.txt=E:/github/reactos/boot/bootdata/readme.txt
/freeldr.ini=E:/github/reactos/boot/bootdata/bootcd.ini
reactos/unattend.inf=E:/github/reactos/boot/bootdata/bootcdregtest/unattend.inf
reactos/system32/boot/rosload.efi=E:/github/reactos/boot/environ/rosload.efi
reactos/system32/smss.exe=E:/github/reactos/base/setup/usetup/usetup.exe
reactos/system32/ntdll.dll=E:/github/reactos/dll/ntdll/ntdll.dll
reactos/system32/bootvid.dll=E:/github/reactos/drivers/base/bootvid/bootvid.dll
reactos/system32/drivers/condrv.sys=E:/github/reactos/drivers/base/condrv/condrv.sys
reactos/system32/kdcom.dll=E:/github/reactos/drivers/base/kdrosdbg/kdcom.dll
reactos/system32/drivers/nmidebug.sys=E:/github/reactos/drivers/base/nmidebug/nmidebug.sys
reactos/system32/drivers/acpi.sys=E:/github/reactos/drivers/bus/acpi/acpi.sys
reactos/system32/drivers/isapnp.sys=E:/github/reactos/drivers/bus/isapnp/isapnp.sys
reactos/system32/drivers/pci.sys=E:/github/reactos/drivers/bus/pci/pci.sys
reactos/system32/drivers/pcix.sys=E:/github/reactos/drivers/bus/pcix/pcix.sys
reactos/system32/drivers/pcmcia.sys=E:/github/reactos/drivers/bus/pcmcia/pcmcia.sys
reactos/system32/drivers/ksecdd.sys=E:/github/reactos/drivers/crypto/ksecdd/ksecdd.sys
reactos/system32/drivers/btrfs.sys=E:/github/reactos/drivers/filesystems/btrfs/btrfs.sys
reactos/system32/drivers/cdfs.sys=E:/github/reactos/drivers/filesystems/cdfs/cdfs.sys
reactos/system32/drivers/fastfat.sys=E:/github/reactos/drivers/filesystems/fastfat/fastfat.sys
reactos/system32/drivers/fltmgr.sys=E:/github/reactos/drivers/filters/fltmgr/fltmgr.sys
reactos/system32/drivers/mountmgr.sys=E:/github/reactos/drivers/filters/mountmgr/mountmgr.sys
reactos/system32/drivers/hidclass.sys=E:/github/reactos/drivers/hid/hidclass/hidclass.sys
reactos/system32/drivers/hidparse.sys=E:/github/reactos/drivers/hid/hidparse/hidparse.sys
reactos/system32/drivers/hidusb.sys=E:/github/reactos/drivers/hid/hidusb/hidusb.sys
reactos/system32/drivers/kbdhid.sys=E:/github/reactos/drivers/hid/kbdhid/kbdhid.sys
reactos/system32/drivers/i8042prt.sys=E:/github/reactos/drivers/input/i8042prt/i8042prt.sys
reactos/system32/drivers/kbdclass.sys=E:/github/reactos/drivers/input/kbdclass/kbdclass.sys
reactos/system32/drivers/swenum.sys=E:/github/reactos/drivers/ksfilter/swenum/swenum.sys
reactos/system32/drivers/sacdrv.sys=E:/github/reactos/drivers/sac/driver/sacdrv.sys
reactos/system32/drivers/blue.sys=E:/github/reactos/drivers/setup/blue/blue.sys
reactos/system32/drivers/cdrom.sys=E:/github/reactos/drivers/storage/class/cdrom/cdrom.sys
reactos/system32/drivers/class2.sys=E:/github/reactos/drivers/storage/class/class2/class2.sys
reactos/system32/drivers/classpnp.sys=E:/github/reactos/drivers/storage/class/classpnp/classpnp.sys
reactos/system32/drivers/disk.sys=E:/github/reactos/drivers/storage/class/disk/disk.sys
reactos/system32/drivers/disk_new.sys=E:/github/reactos/drivers/storage/class/disk_new/disk_new.sys
reactos/system32/drivers/ramdisk.sys=E:/github/reactos/drivers/storage/class/ramdisk/ramdisk.sys
reactos/system32/drivers/floppy.sys=E:/github/reactos/drivers/storage/floppy/floppy/floppy.sys
reactos/system32/drivers/atapi.sys=E:/github/reactos/drivers/storage/ide/atapi/atapi.sys
reactos/system32/drivers/pciide.sys=E:/github/reactos/drivers/storage/ide/pciide/pciide.sys
reactos/system32/drivers/pciidex.sys=E:/github/reactos/drivers/storage/ide/pciidex/pciidex.sys
reactos/system32/drivers/uniata.sys=E:/github/reactos/drivers/storage/ide/uniata/uniata.sys
reactos/system32/drivers/buslogic.sys=E:/github/reactos/drivers/storage/port/buslogic/buslogic.sys
reactos/system32/drivers/scsiport.sys=E:/github/reactos/drivers/storage/port/scsiport/scsiport.sys
reactos/system32/drivers/storahci.sys=E:/github/reactos/drivers/storage/port/storahci/storahci.sys
reactos/system32/drivers/storport.sys=E:/github/reactos/drivers/storage/port/storport/storport.sys
reactos/system32/drivers/usbccgp.sys=E:/github/reactos/drivers/usb/usbccgp/usbccgp.sys
reactos/system32/drivers/usbd.sys=E:/github/reactos/drivers/usb/usbd/usbd.sys
reactos/system32/drivers/usbehci.sys=E:/github/reactos/drivers/usb/usbehci/usbehci.sys
reactos/system32/drivers/usbhub.sys=E:/github/reactos/drivers/usb/usbhub/usbhub.sys
reactos/system32/drivers/usbohci.sys=E:/github/reactos/drivers/usb/usbohci/usbohci.sys
reactos/system32/drivers/usbport.sys=E:/github/reactos/drivers/usb/usbport/usbport.sys
reactos/system32/drivers/usbstor.sys=E:/github/reactos/drivers/usb/usbstor/usbstor.sys
reactos/system32/drivers/usbuhci.sys=E:/github/reactos/drivers/usb/usbuhci/usbuhci.sys
reactos/system32/drivers/wmilib.sys=E:/github/reactos/drivers/wmi/wmilib.sys
reactos/system32/hal.dll=E:/github/reactos/hal/halx86/hal.dll
reactos/system32/halacpi.dll=E:/github/reactos/hal/halx86/halacpi.dll
reactos/system32/halapic.dll=E:/github/reactos/hal/halx86/halapic.dll
reactos/system32/halaacpi.dll=E:/github/reactos/hal/halx86/halaacpi.dll
reactos/system32/halxbox.dll=E:/github/reactos/hal/halx86/halxbox.dll
reactos/system32/l_intl.nls=E:/github/reactos/media/nls/l_intl.nls
reactos/system32/c_437.nls=E:/github/reactos/media/nls/c_437.nls
reactos/system32/c_1252.nls=E:/github/reactos/media/nls/c_1252.nls
reactos/vgafonts.cab=E:/github/reactos/media/vgafonts/vgafonts.cab
reactos/system32/ntoskrnl.exe=E:/github/reactos/ntoskrnl/ntoskrnl.exe
reactos/system32/ntkrnlmp.exe=E:/github/reactos/ntoskrnl/ntkrnlmp/ntkrnlmp.exe
reactos/registry.inf=E:/github/reactos/boot/bootdata/registry.inf
reactos/SETUPREG.HIV=E:/github/reactos/boot/bootdata/SETUPREG.HIV
efi/boot/BCD=E:/github/reactos/boot/bootdata/BCD
reactos/reactos.cab=E:/github/reactos/reactos.cab
